<ul>
  <li><a href="1.html" class="page">1</a></li>
  <li><a href="2.html#2" class="active page">2</a>
  <ul>
    <li><a href="2/a.html" class="page">2/a</a></li>
    <li><a href="2/b.html" class="page">2/b</a></li>
  </ul></li>
</ul>
