<ul>
  <li><a href="1.html" class="page">1</a></li>
  <li><a href="2.html" class="page">2</a></li>
</ul>
