<!DOCTYPE html>
<html lang="en">
<head>
<title> Â· Paradox Test</title>
<meta name="description" content="Paradox Test"/>
</head>
<body>
<a href="../">base</a>
<a href="../a.html">A</a>
0.1-SNAPSHOT
<ul>
  <li><a href="https://abc.xyz/">Alphabet</a></li>
  <li><a href="https://www.google.com">Google</a></li>
  <li><a href="../a.html">A</a></li>
  <li>c/a.html</li>
</ul>
<ul>
  <li><a href="../a/a.html">AA</a>
  <ul>
    <li><a href="../a/b.html">AB</a></li>
    <li><a href="../a/c.html">AC</a></li>
  </ul></li>
  <li><a href="../b/a.html">BA</a>
  <ul>
    <li><a href="../b/a/a.html">BAA</a></li>
    <li><a href="../b/b.html">BB</a></li>
  </ul></li>
  <li><a href="../c/a.html" class="active">c/a.html</a></li>
</ul>
<a href="../b/b.html">BB</a>
<h2><a href="#ca" name="ca" class="anchor"><span class="anchor-link"></span></a>CA</h2>
<p>This is the &ldquo;CA&rdquo; page.</p>
<p>It starts with a H2 header instead of an H1.</p>
</body>
</html>
