<!DOCTYPE html>
<html lang="en">
<head>
<title>BAA</title>
</head>
<body>
<a href="../../">base</a>
<a href="../../a.html">home 0.1-SNAPSHOT</a>
<ul>
  <li><a href="../../a.html">A</a></li>
  <li><a href="../../b/a.html">BA</a></li>
  <li><a href="../../b/a/a.html" class="active">BAA</a></li>
</ul>
<ul>
  <li><a href="../../a/a.html">AA</a>
  <ul>
    <li><a href="../../a/b.html">AB</a></li>
    <li><a href="../../a/c.html">AC</a></li>
  </ul></li>
  <li><a href="../../b/a.html">BA</a>
  <ul>
    <li><a href="../../b/a/a.html" class="active">BAA</a></li>
    <li><a href="../../b/b.html">BB</a></li>
  </ul></li>
</ul>
<a href="../../b/a.html">BA</a>
<a href="../../b/b.html">BB</a>
<h1><a href="#baa" name="baa">BAA</a></h1><h2><a href="#baa2" name="baa2">BAA2</a></h2>
</body>
</html>
