<p>The key words &ldquo;MUST&rdquo;, &ldquo;MUST NOT&rdquo;, &ldquo;REQUIRED&rdquo;, &ldquo;SHALL&rdquo;, &ldquo;SHALL NOT&rdquo;, &ldquo;SHOULD&rdquo;, &ldquo;SHOULD NOT&rdquo;, &ldquo;RECOMMENDED&rdquo;, &ldquo;MAY&rdquo;, and &ldquo;OPTIONAL&rdquo; in this document are to be interpreted as described in <a href="http://tools.ietf.org/html/rfc2119">RFC 2119</a>.</p>
<p><a href="http://tools.ietf.org/html/rfc7230#section-3.3.3">RFC 7230 section 3.3.3</a>&quot;) describes how to determine the Message Body Length in HTTP version 1.1.</p>
<p>First read <a href="http://doc.akka.io/docs/akka/2.4.10/scala/stream/stream-quickstart.html">Quick Start Guide</a> and then take a look at the <a href="http://doc.akka.io/docs/akka/2.4.10/scala/stream/stream-cookbook.html">Cookbook</a> for how to solve common patterns.</p>
