<p><a href="http://doc.akka.io/japi/akka/2.4.10/?akka/actor/Actor.html">Actor</a></p>
<p><a href="http://doc.akka.io/japi/akka-http/10.0.0/?akka/http/javadsl/Http.html#shutdownAllConnectionPools--">Http</a></p>
<p><a href="https://api.example.com/java/?org/example/Server.html">Server</a></p>
