<pre class="prettyprint"><code class="language-scala">val snippet = 0</code></pre>