<ul>
  <li><a href="../../1.html" class="page">1</a>
  <ul>
    <li><a href="../../1/a.html" class="page">1/a</a>
    <ul>
      <li><a href="../../1/a/i.html" class="page">1/a/i</a></li>
      <li><a href="../../1/a/ii.html#1-a-ii" class="active page">1/a/ii</a>
      <ul>
        <li><a href="../../1/a/ii.html#h2-1" class="header">h2 1</a></li>
        <li><a href="../../1/a/ii.html#h2-2" class="header">h2 2</a></li>
      </ul></li>
    </ul></li>
    <li><a href="../../1/b.html" class="page">1/b</a></li>
  </ul></li>
  <li><a href="../../2.html" class="page">2</a></li>
</ul>
