<dl class="dependency"><dt>sbt</dt><dd><pre class="prettyprint"><code class="language-scala">libraryDependencies += "com.lightbend.paradox" %% "core" % "0.1.0"</code></pre></dd></dl>
