<pre class="prettyprint group-scala"><code class="language-scala">val foo = 42</code></pre>
<pre class="prettyprint group-scala"><code class="language-scala">val foo = 42</code></pre>
<pre class="prettyprint group-scala"><code class="language-scala">val foo = 42</code></pre>
<pre class="prettyprint group-scala"><code class="language-scala">val foo = 42</code></pre>