<pre class="prettyprint group-a"><code class="language-scala">private class SomethingElse</code></pre>
<pre class="prettyprint group-b"><code class="language-scala">import scala.util.Try</code></pre>