<pre class="prettyprint"><code class="language-scala">import scala.concurrent.duration._

case class Measurement(method: Method, duration: Duration)</code></pre>
