<pre class="prettyprint"><code class="language-scala">def indented = {
  1 + 2
}</code></pre>
<pre class="prettyprint"><code class="language-conf">snippets {
  test = 1
}</code></pre>
