<pre class="prettyprint group-xml"><code class="language-xml">&lt;bar&gt;
    XML FTW
&lt;/bar&gt;</code></pre>
