<p>Use a <a href="http://www.scala-lang.org/api/2.12.1/scala/concurrent/Future.html">Future</a> to avoid that long running operations block the <a href="http://doc.akka.io/api/akka/2.4.13/akka/actor/Actor.html">Actor</a>.</p>
<p><a href="http://doc.akka.io/api/akka-http/10.0.0/akka/http/scaladsl/Http$.html">Http</a></p>
