<!DOCTYPE html>
<html lang="en">
<head>
<title>BA</title>
</head>
<body>
<a href="../">base</a>
<a href="../a.html">A</a>
0.1-SNAPSHOT
<ul>
  <li><a href="../a.html">A</a></li>
  <li><a href="../b/a.html" class="active">BA</a></li>
</ul>
<ul>
  <li><a href="../a/a.html">AA</a>
  <ul>
    <li><a href="../a/b.html">AB</a></li>
    <li><a href="../a/c.html">AC</a></li>
  </ul></li>
  <li><a href="../b/a.html" class="active">BA</a>
  <ul>
    <li><a href="../b/a/a.html">BAA</a></li>
    <li><a href="../b/b.html">BB</a></li>
  </ul></li>
</ul>
<a href="../a/c.html">AC</a>
<a href="../b/a/a.html">BAA</a>
<h1><a href="#ba" name="ba" class="anchor"><span class="anchor-link"></span></a>BA</h1>
</body>
</html>
