<!DOCTYPE html>
<html lang="en">
<head>
<title>BB</title>
</head>
<body>
<a href="../">base</a>
<a href="../a.html">home 0.1-SNAPSHOT</a>
<ul>
  <li><a href="../a.html">A</a></li>
  <li><a href="../b/a.html">BA</a></li>
  <li><a href="../b/b.html" class="active">BB</a></li>
</ul>
<ul>
  <li><a href="../a/a.html">AA</a>
  <ul>
    <li><a href="../a/b.html">AB</a></li>
    <li><a href="../a/c.html">AC</a></li>
  </ul></li>
  <li><a href="../b/a.html">BA</a>
  <ul>
    <li><a href="../b/a/a.html">BAA</a></li>
    <li><a href="../b/b.html" class="active">BB</a></li>
  </ul></li>
</ul>
<a href="../b/a/a.html">BAA</a>
<h1><a href="#bb" name="bb" class="anchor"><span class="anchor-link"></span></a>BB</h1><h2><a href="#bb2" name="bb2" class="anchor"><span class="anchor-link"></span></a>BB2</h2><h3><a href="#bb3" name="bb3" class="anchor"><span class="anchor-link"></span></a>BB3</h3><h2><a href="#bb4" name="bb4" class="anchor"><span class="anchor-link"></span></a>BB4</h2>
</body>
</html>
