<div>
<div>
<pre class="prettyprint"><code class="language-scala">object Hello extends App {
  def say(str: String): Unit = {
    println(str)
  }
  
  say(&quot;hello&quot;)
}</code></pre>
</div>
</div>

<pre class="prettyprint"><code class="language-scala">object Hello extends App {
  def say(str: String): Unit = {
    println(str)
  }
  
  say(&quot;hello&quot;)
}</code></pre>